[2020-08-19 00:26:32:449] [INFO] - main.AirTicket.GetHtml(AirTicket.java:64) - Connect Success!
[2020-08-19 00:26:32:949] [INFO] - main.AirTicket.SendMessage(AirTicket.java:103) - 微信消息发送成功
[2020-08-19 00:26:32:949] [INFO] - main.Main.main(Main.java:41) - program run successful!
[2020-08-19 00:34:03:100] [INFO] - main.AirTicket.GetHtml(AirTicket.java:64) - Connect Success!
[2020-08-19 00:34:03:506] [INFO] - main.AirTicket.SendMessage(AirTicket.java:103) - 微信消息发送成功
[2020-08-19 00:34:03:506] [INFO] - main.Main.main(Main.java:45) - program run successful!
[2020-08-19 00:37:16:610] [INFO] - main.AirTicket.GetHtml(AirTicket.java:64) - Connect Success!
[2020-08-19 00:37:17:000] [INFO] - main.AirTicket.SendMessage(AirTicket.java:103) - 微信消息发送成功
[2020-08-19 00:37:17:016] [INFO] - main.Main.main(Main.java:45) - program run successful!
[2020-08-19 00:39:02:285] [INFO] - main.AirTicket.GetHtml(AirTicket.java:64) - Connect Success!
[2020-08-19 00:39:02:707] [INFO] - main.AirTicket.SendMessage(AirTicket.java:103) - 微信消息发送成功
[2020-08-19 00:39:02:707] [INFO] - main.Main.main(Main.java:45) - program run successful!
[2020-08-19 00:45:55:255] [INFO] - main.AirTicket.GetHtml(AirTicket.java:64) - Connect Success!
[2020-08-19 00:45:55:944] [INFO] - main.AirTicket.SendMessage(AirTicket.java:103) - 微信消息发送成功
[2020-08-19 00:45:55:944] [INFO] - main.Main.main(Main.java:45) - program run successful!
[2020-08-19 00:47:08:934] [INFO] - main.AirTicket.GetHtml(AirTicket.java:64) - Connect Success!
[2020-08-19 00:47:09:324] [INFO] - main.AirTicket.SendMessage(AirTicket.java:103) - 微信消息发送成功
[2020-08-19 00:47:09:324] [INFO] - main.Main.main(Main.java:45) - program run successful!
[2020-08-19 00:47:31:065] [INFO] - main.AirTicket.GetHtml(AirTicket.java:64) - Connect Success!
[2020-08-19 00:47:31:518] [INFO] - main.AirTicket.SendMessage(AirTicket.java:103) - 微信消息发送成功
[2020-08-19 00:47:31:518] [INFO] - main.Main.main(Main.java:45) - program run successful!
[2020-08-19 00:48:09:644] [INFO] - main.AirTicket.GetHtml(AirTicket.java:64) - Connect Success!
[2020-08-19 00:48:10:097] [INFO] - main.AirTicket.SendMessage(AirTicket.java:103) - 微信消息发送成功
[2020-08-19 00:48:10:097] [INFO] - main.Main.main(Main.java:45) - program run successful!
[2020-08-19 00:48:50:080] [INFO] - main.AirTicket.GetHtml(AirTicket.java:64) - Connect Success!
[2020-08-19 00:48:50:440] [INFO] - main.AirTicket.SendMessage(AirTicket.java:103) - 微信消息发送成功
[2020-08-19 00:48:50:440] [INFO] - main.Main.main(Main.java:45) - program run successful!
[2020-08-19 00:52:19:817] [INFO] - main.AirTicket.GetHtml(AirTicket.java:64) - Connect Success!
[2020-08-19 00:52:20:208] [INFO] - main.AirTicket.SendMessage(AirTicket.java:103) - 微信消息发送成功
[2020-08-19 00:52:20:208] [INFO] - main.Main.main(Main.java:45) - program run successful!
[2020-08-19 00:54:02:845] [INFO] - main.AirTicket.GetHtml(AirTicket.java:64) - Connect Success!
[2020-08-19 00:54:03:204] [INFO] - main.AirTicket.SendMessage(AirTicket.java:103) - 微信消息发送成功
[2020-08-19 00:54:03:204] [INFO] - main.Main.main(Main.java:45) - program run successful!
[2020-08-19 00:54:52:924] [INFO] - main.AirTicket.GetHtml(AirTicket.java:64) - Connect Success!
[2020-08-19 00:54:53:330] [INFO] - main.AirTicket.SendMessage(AirTicket.java:103) - 微信消息发送成功
[2020-08-19 00:54:53:330] [INFO] - main.Main.main(Main.java:45) - program run successful!
[2020-08-19 00:56:50:743] [INFO] - main.AirTicket.GetHtml(AirTicket.java:64) - Connect Success!
[2020-08-19 00:56:51:134] [INFO] - main.AirTicket.SendMessage(AirTicket.java:103) - 微信消息发送成功
[2020-08-19 00:56:51:134] [INFO] - main.Main.main(Main.java:45) - program run successful!
[2020-08-19 00:57:15:526] [INFO] - main.AirTicket.GetHtml(AirTicket.java:64) - Connect Success!
[2020-08-19 00:57:15:995] [INFO] - main.AirTicket.SendMessage(AirTicket.java:103) - 微信消息发送成功
[2020-08-19 00:57:15:995] [INFO] - main.Main.main(Main.java:45) - program run successful!
